A51 MACRO ASSEMBLER  BSP_BUZZER                                                           04/22/2026 17:39:13 PAGE     1


MACRO ASSEMBLER A51 V8.2.7.0
OBJECT MODULE PLACED IN .\Objects\Bsp_Buzzer.obj
ASSEMBLER INVOKED BY: E:\Tools\keil\Keil_v5\C51\BIN\A51.EXE Bsp\Bsp_Buzzer.asm SET(SMALL) DEBUG PRINT(.\Listings\Bsp_Buz
                      zer.lst) OBJECT(.\Objects\Bsp_Buzzer.obj) EP

LOC  OBJ            LINE     SOURCE

                       1     
                       2     
                       3     
                       4     
                       5     
                       6     NAME    BSP_BUZZER
                       7     
                       8     PUBLIC  Buzzer_Play
                       9     
                      10     EXTRN   DATA (Freq_TH0)
                      11     EXTRN   DATA (Freq_TL0)
                      12     
                      13     BUZZER_CODE SEGMENT CODE
----                  14     RSEG    BUZZER_CODE
                      15     
                      16     ; Buzzer_Play
                      17     ; Input : ACC = 0(静音), 1,2,3,......21(音调索引)
                      18     ; 作用: 根据输入的音调索引播放对应的音调,如果输入为0则静音
0000                  19     Buzzer_Play:
0000 C0E0             20             PUSH    ACC
0002 C000             21             PUSH    00H
0004 C082             22             PUSH    82H ; DPTR0低字节
0006 C083             23             PUSH    83H ; DPTR0高字节
                      24     
0008 F8               25             MOV     R0, A ; 累加器容易被修改,先把它的值保存到R0中,相当于定
                             义一个temp变量
0009 601F             26             JZ      Buzzer_Mute ; 如果输入为0,关闭蜂鸣器
                      27     
000B E8               28             MOV     A, R0
000C C2D7             29             CLR     CY
                      30             
                      31     
                      32     
                      33     
                      34     
                      35     
                      36     
                      37     
                      38     
                      39     
                      40     
                      41     
000E 9416             42             SUBB    A, #22
                      43             
                      44     
                      45     
                      46             
0010 5018             47             JNC     Buzzer_Mute ; 如果CY没有被置1,说明A>=22,跳向蜂鸣器闭嘴函数
                      48     
0012 E8               49             MOV     A, R0 ; SUBB把A的值修改了,从R0中恢复原始输入值
0013 900000   F       50             MOV     DPTR, #Note_TH0_Table
0016 93               51             MOVC    A, @A+DPTR
0017 F500     F       52             MOV     Freq_TH0, A
                      53     
0019 E8               54             MOV     A, R0
001A 900000   F       55             MOV     DPTR, #Note_TL0_Table
001D 93               56             MOVC    A, @A+DPTR
A51 MACRO ASSEMBLER  BSP_BUZZER                                                           04/22/2026 17:39:13 PAGE     2

001E F500     F       57             MOV     Freq_TL0, A
                      58     
0020 85008C   F       59             MOV     TH0, Freq_TH0
0023 85008A   F       60             MOV     TL0, Freq_TL0
0026 D28C             61             SETB    TR0
0028 8004             62             SJMP    Buzzer_Exit
                      63     
002A                  64     Buzzer_Mute:
002A C28C             65             CLR     TR0 ; 停止定时器0
002C D2A4             66             SETB    P2.4 ; 关闭蜂鸣器
                      67     
002E                  68     Buzzer_Exit:
002E D083             69             POP     83H
0030 D082             70             POP     82H
0032 D000             71             POP     00H
0034 D0E0             72             POP     ACC
0036 22               73             RET
                      74     
                      75     ; 11.0592MHz crystal
                      76     ; Timer tick = 12/11.0592MHz = 1.085us
                      77     ; Reload = 65536 - round(460800 / f)
                      78     ; Index: 0=rest, 1..7 low(C3..B3), 8..14 middle(C4..B4), 15..21 high(C5..B5)
                      79     ; 初值计算公式 : (65536 - 初值) * 2f = 11.0592MHz / 12 = 921600
                      80     
0037                  81     Note_TH0_Table:
0037 00               82             DB  00H
0038 F2F3F5F5         83             DB  0F2H,0F3H,0F5H,0F5H,0F6H,0F7H,0F8H
003C F6F7F8                  
003F F9F9FAFA         84             DB  0F9H,0F9H,0FAH,0FAH,0FBH,0FBH,0FCH
0043 FBFBFC                  
0046 FCFCFDFD         85             DB  0FCH,0FCH,0FDH,0FDH,0FDH,0FDH,0FEH
004A FDFDFE                  
                      86     
004D                  87     Note_TL0_Table:
004D 00               88             DB  00H
004E 42C117B7         89             DB  042H,0C1H,017H,0B7H,0D1H,0D1H,0B6H
0052 D1D1B6                  
0055 21E18CD8         90             DB  021H,0E1H,08CH,0D8H,068H,0E9H,05BH
0059 68E95B                  
005C 8FEF456C         91             DB  08FH,0EFH,045H,06CH,0B4H,0F4H,02EH
0060 B4F42E                  
                      92     
                      93     END
A51 MACRO ASSEMBLER  BSP_BUZZER                                                           04/22/2026 17:39:13 PAGE     3

SYMBOL TABLE LISTING
------ ----- -------


N A M E             T Y P E  V A L U E   ATTRIBUTES

ACC. . . . . . . .  D ADDR   00E0H   A   
BSP_BUZZER . . . .  N NUMB   -----       
BUZZER_CODE. . . .  C SEG    0063H       REL=UNIT
BUZZER_EXIT. . . .  C ADDR   002EH   R   SEG=BUZZER_CODE
BUZZER_MUTE. . . .  C ADDR   002AH   R   SEG=BUZZER_CODE
BUZZER_PLAY. . . .  C ADDR   0000H   R   SEG=BUZZER_CODE
CY . . . . . . . .  B ADDR   00D0H.7 A   
FREQ_TH0 . . . . .  D ADDR   -----       EXT
FREQ_TL0 . . . . .  D ADDR   -----       EXT
NOTE_TH0_TABLE . .  C ADDR   0037H   R   SEG=BUZZER_CODE
NOTE_TL0_TABLE . .  C ADDR   004DH   R   SEG=BUZZER_CODE
P2 . . . . . . . .  D ADDR   00A0H   A   
TH0. . . . . . . .  D ADDR   008CH   A   
TL0. . . . . . . .  D ADDR   008AH   A   
TR0. . . . . . . .  B ADDR   0088H.4 A   


REGISTER BANK(S) USED: 0 


ASSEMBLY COMPLETE.  0 WARNING(S), 0 ERROR(S)
