A51 MACRO ASSEMBLER  PROTOCOL                                                             04/22/2026 17:39:13 PAGE     1


MACRO ASSEMBLER A51 V8.2.7.0
OBJECT MODULE PLACED IN .\Objects\Protocol.obj
ASSEMBLER INVOKED BY: E:\Tools\keil\Keil_v5\C51\BIN\A51.EXE App\Protocol.asm SET(SMALL) DEBUG PRINT(.\Listings\Protocol.
                      lst) OBJECT(.\Objects\Protocol.obj) EP

LOC  OBJ            LINE     SOURCE

                       1     NAME    PROTOCOL
                       2     
                       3     PUBLIC  Task_ParseSerial
                       4     
                       5     EXTRN   CODE (UART_ReadByte)
                       6     EXTRN   CODE (Buzzer_Play)
                       7     EXTRN   CODE (Led_ShowSpectrum)
                       8     
                       9     
                      10     PROTOCOL_CODE    SEGMENT CODE
----                  11     RSEG    PROTOCOL_CODE
                      12     
0000                  13     Task_ParseSerial:
0000 C0E0             14             PUSH    ACC
0002 C000             15             PUSH    00H
                      16     
0004 120000   F       17             LCALL   UART_ReadByte
0007 505B             18             JNC     Task_ParseSerial_Exit   ; 如果缓冲区没数据，直接退出
                      19     
0009 F8               20             MOV     R0, A
                      21     
000A B43009           22             CJNE    A, #'0', Task_ParseSerial_CheckSpace
000D E4               23             CLR     A
000E 120000   F       24             LCALL   Buzzer_Play
0011 120000   F       25             LCALL   Led_ShowSpectrum
0014 804E             26             SJMP    Task_ParseSerial_Exit  ; 【修改】查到休止符，跳转去延时
                      27     
0016                  28     Task_ParseSerial_CheckSpace:
0016 B42009           29             CJNE    A, #' ', Task_ParseSerial_CheckMiddle
0019 E4               30             CLR     A
001A 120000   F       31             LCALL   Buzzer_Play
001D 120000   F       32             LCALL   Led_ShowSpectrum
0020 8042             33             SJMP    Task_ParseSerial_Exit  ; 【修改】查到休止符，跳转去延时
                      34     
0022                  35     Task_ParseSerial_CheckMiddle:
0022 E8               36             MOV     A, R0
0023 C3               37             CLR     C
0024 9431             38             SUBB    A, #'1'
0026 4011             39             JC      Task_ParseSerial_CheckLow
0028 B40702           40             CJNE    A, #07, Task_ParseSerial_MiddleRange
002B 800C             41             SJMP    Task_ParseSerial_CheckLow
                      42     
002D                  43     Task_ParseSerial_MiddleRange:
002D 500A             44             JNC     Task_ParseSerial_CheckLow
002F 2408             45             ADD     A, #08
0031 120000   F       46             LCALL   Buzzer_Play
0034 120000   F       47             LCALL   Led_ShowSpectrum
0037 802B             48             SJMP    Task_ParseSerial_Exit  ; 【修改】发声后，跳转去延时
                      49     
0039                  50     Task_ParseSerial_CheckLow:
0039 E8               51             MOV     A, R0
003A C3               52             CLR     C
003B 9461             53             SUBB    A, #'a'
003D 4010             54             JC      Task_ParseSerial_CheckHigh
003F B40702           55             CJNE    A, #07, Task_ParseSerial_LowRange
0042 800B             56             SJMP    Task_ParseSerial_CheckHigh
                      57     
A51 MACRO ASSEMBLER  PROTOCOL                                                             04/22/2026 17:39:13 PAGE     2

0044                  58     Task_ParseSerial_LowRange:
0044 5009             59             JNC     Task_ParseSerial_CheckHigh
0046 04               60             INC     A
0047 120000   F       61             LCALL   Buzzer_Play
004A 120000   F       62             LCALL   Led_ShowSpectrum
004D 8015             63             SJMP    Task_ParseSerial_Exit  ; 【修改】发声后，跳转去延时
                      64     
004F                  65     Task_ParseSerial_CheckHigh:
004F E8               66             MOV     A, R0
0050 C3               67             CLR     C
0051 9441             68             SUBB    A, #'A'
0053 400F             69             JC      Task_ParseSerial_Exit
0055 B40702           70             CJNE    A, #07, Task_ParseSerial_HighRange
0058 800A             71             SJMP    Task_ParseSerial_Exit
                      72     
005A                  73     Task_ParseSerial_HighRange:
005A 5008             74             JNC     Task_ParseSerial_Exit
005C 240F             75             ADD     A, #15
005E 120000   F       76             LCALL   Buzzer_Play
0061 120000   F       77             LCALL   Led_ShowSpectrum
                      78             ; 高音发声后，顺延进入下面的延时逻辑
                      79     
                      80     ; =======================================
                      81     ; 【新增核心】音符节拍器与切分音处理
                      82     ; =======================================
                      83     
                      84     
                      85     
                      86     
                      87     
                      88     
                      89     
                      90     
                      91     
                      92     
                      93     
                      94     
0064                  95     Task_ParseSerial_Exit:
0064 D000             96             POP     00H
0066 D0E0             97             POP     ACC
0068 22               98             RET
                      99     
                     100     END
A51 MACRO ASSEMBLER  PROTOCOL                                                             04/22/2026 17:39:13 PAGE     3

SYMBOL TABLE LISTING
------ ----- -------


N A M E                       T Y P E  V A L U E   ATTRIBUTES

ACC. . . . . . . . . . . . .  D ADDR   00E0H   A   
BUZZER_PLAY. . . . . . . . .  C ADDR   -----       EXT
LED_SHOWSPECTRUM . . . . . .  C ADDR   -----       EXT
PROTOCOL . . . . . . . . . .  N NUMB   -----       
PROTOCOL_CODE. . . . . . . .  C SEG    0069H       REL=UNIT
TASK_PARSESERIAL . . . . . .  C ADDR   0000H   R   SEG=PROTOCOL_CODE
TASK_PARSESERIAL_CHECKHIGH .  C ADDR   004FH   R   SEG=PROTOCOL_CODE
TASK_PARSESERIAL_CHECKLOW. .  C ADDR   0039H   R   SEG=PROTOCOL_CODE
TASK_PARSESERIAL_CHECKMIDDLE  C ADDR   0022H   R   SEG=PROTOCOL_CODE
TASK_PARSESERIAL_CHECKSPACE.  C ADDR   0016H   R   SEG=PROTOCOL_CODE
TASK_PARSESERIAL_EXIT. . . .  C ADDR   0064H   R   SEG=PROTOCOL_CODE
TASK_PARSESERIAL_HIGHRANGE .  C ADDR   005AH   R   SEG=PROTOCOL_CODE
TASK_PARSESERIAL_LOWRANGE. .  C ADDR   0044H   R   SEG=PROTOCOL_CODE
TASK_PARSESERIAL_MIDDLERANGE  C ADDR   002DH   R   SEG=PROTOCOL_CODE
UART_READBYTE. . . . . . . .  C ADDR   -----       EXT


REGISTER BANK(S) USED: 0 


ASSEMBLY COMPLETE.  0 WARNING(S), 0 ERROR(S)
